this: 0
file: 0
has: 0
empty: 2
lines: 2
but: 4
no: 4
new: 4
line: 4
at: 4
the: 4
end: 4
