usual: 0
input: 0
has: 0
multiple: 0
lines: 0
that: 0
are: 0
fairly: 0
long,: 0
with: 0, 1
word: 0
repeat: 0
and: 0, 1
such: 0
things: 0
easy: 0
to: 0, 2
write: 0, 2
in: 0
test: 0, 2
files: 0
here: 1, 2
is: 1, 2
the: 1, 2
next: 1
document,: 1
natural: 1
language: 1
once: 1
again: 1
I: 1
have: 1
no: 1
imagination: 1
as: 1
you: 1
can: 1
realize: 1
finally,: 2
last: 2
of: 2
documents: 2
I'm: 2
going: 2
for: 2
this: 2
suite: 2
;-): 2