this: 0
is: 0
an: 0
example: 0
of: 0
a: 0
single: 0
document: 0
(one: 0
line): 0