Hello: idf=0.70, in docs: 0(tf = 1)
welcome: idf=0.40, in docs: 0(tf = 1), 1(tf = 1)
to: idf=0.22, in docs: 0(tf = 1), 1(tf = 1), 2(tf = 1)
this: idf=0.10, in docs: 0(tf = 1), 1(tf = 1), 2(tf = 1), 3(tf = 1)
test: idf=0.00, in docs: 0(tf = 1), 1(tf = 1), 2(tf = 1), 3(tf = 1), 4(tf = 1)
