no: 0
new: 0
line: 0
at: 0
all: 0
in: 0
this: 0
file: 0