I: idf=0.00, in docs: 0(tf = 1), 1(tf = 1), 2(tf = 1), 3(tf = 1), 4(tf = 1), 5(tf = 1)
like: idf=0.00, in docs: 0(tf = 1), 1(tf = 2), 2(tf = 2), 3(tf = 1), 4(tf = 1), 5(tf = 1)
to: idf=0.00, in docs: 0(tf = 1), 1(tf = 2), 2(tf = 2), 3(tf = 1), 4(tf = 1), 5(tf = 1)
test: idf=0.00, in docs: 0(tf = 1), 1(tf = 1), 2(tf = 2), 3(tf = 3), 4(tf = 5), 5(tf = 10)
