úƨúáℓ: 0
ïñƥúƭ: 0
λáƨ: 0
₥úℓƭïƥℓè: 0
ℓïñèƨ: 0
ƭλáƭ: 0
ářè: 0
ƒáïřℓ¥: 0
ℓôñϱ,: 0
ωïƭλ: 0, 1
ωôřδ: 0
řèƥèáƭ: 0
áñδ: 0, 1
ƨúçλ: 0
ƭλïñϱƨ: 0
èáƨ¥: 0
ƭô: 0, 2
ωřïƭè: 0, 2
ïñ: 0
ƭèƨƭ: 0, 2
ƒïℓèƨ: 0
λèřè: 1, 2
ïƨ: 1, 2
ƭλè: 1, 2
ñèжƭ: 1
δôçú₥èñƭ,: 1
ñáƭúřáℓ: 1
ℓáñϱúáϱè: 1
ôñçè: 1
áϱáïñ: 1
Ì: 1
λáƲè: 1
ñô: 1
ï₥áϱïñáƭïôñ: 1
áƨ: 1
¥ôú: 1
çáñ: 1
řèáℓïƺè: 1
ƒïñáℓℓ¥,: 2
ℓáƨƭ: 2
ôƒ: 2
δôçú₥èñƭƨ: 2
Ì'₥: 2
ϱôïñϱ: 2
ƒôř: 2
ƭλïƨ: 2
ƨúïƭè: 2
;-): 2