This: 0
document: 0, 1
has: 0
looooooooooooooooooooooooooooooooooooooooooooooooooooooooooooooooooooooooooooooooooooooooooooooooooooooooooooooooooooooooooong: 0, 2
words: 0
and: 0
even: 0, 1
muuuùuuuuuuuuuuuuuuuuuuuuuuuuuuuuuuuuuuuuuuuuuuuuuuuuuuuuuuuuuuuuuuuuuuuuuuuuuuuuuuuuuuuuuuuuuuuuuuuuuuuuuuuuuuuuuuuuuuultiple: 0
of: 0
them,: 0
up: 0
to: 0
126: 0
characters: 0
some: 0
them: 0
being: 0
unicode: 0
ôôôôôôôôôôôôôôôôôôôôôôôôôôôôôôôôôôôôôôôôôôôôôôôôôôôôôôôôôôôôôôôôôôôôôôôôôôôôôôôôôôôôôôôôôôôôôôôôôôôôôôôôôôôôôôôôôôôôôôôôôôôôôô: 0
on: 1
its: 1
own: 1
in: 1
the: 1
next: 1
